// Jest Snapshot v1, https://goo.gl/fbAQLP

exports[`<HelloWorld/> renders and matches the snapshot 1`] = `
<HelloWorldStyles>
  <p>
    Hello World
  </p>
</HelloWorldStyles>
`;
